timestamp            agent                                    event          cost         event-id
<TIME>               system                                   worker_orphaned -            <EVENT_ID>
<TIME>               system                                   worker_orphaned -            <EVENT_ID>
<TIME>               system                                   worker_orphaned -            <EVENT_ID>
<TIME>               system                                   system_startup -            <EVENT_ID>
<TIME>               researcher                               invocation_ambiguous -            <EVENT_ID>
<TIME>               system                                   system_recovery -            <EVENT_ID>
2026-01-02T03:04:35  fixer                                    triggered      -            00000000-0000-7000-8000-000000001008
2026-01-02T03:04:25  researcher                               triggered      -            00000000-0000-7000-8000-000000001007
2026-01-02T03:04:17  fixer                                    failed         $0.003100    00000000-0000-7000-8000-000000001006
2026-01-02T03:04:16  fixer                                    llm_failure    $0.000700    00000000-0000-7000-8000-000000001009
2026-01-02T03:04:16  fixer                                    llm_response   $0.003100    00000000-0000-7000-8000-000000001005
2026-01-02T03:04:15  fixer                                    triggered      -            00000000-0000-7000-8000-000000001004
2026-01-02T03:04:10  researcher                               completed      $0.012500    00000000-0000-7000-8000-000000001003
2026-01-02T03:04:06  researcher                               llm_response   $0.012500    00000000-0000-7000-8000-000000001002
2026-01-02T03:04:05  researcher                               triggered      -            00000000-0000-7000-8000-000000001001
