invocation  status     agent                    worker                   arch  summary
4e000000    completed  fixer                    fixer                    no    —
3a000000    in_flight  researcher               researcher               no    —
2f000000    failed     fixer                    fixer                    no    —
1c000000    completed  researcher               researcher               no    —
